
/var/lib/myfrdcsa/codebases/internal/verber/data/worldmodel/test/requirement-test-durative-actions.d.pddl: syntax error in line 3, ':DURATIVE-ACTIONS':
requirement %s not supported by this IPP version :DURATIVE-ACTIONS

Memory limit exceeded: bb system call, OR Time limit exceeded: bb system call, OR bb internal error
