Quando entro? (SatPlan.cpp)
E qui? (SatPlan.cpp)
satSolver_ optsat1.0
Check1? (SatPlan.cpp)
Check2? (SatPlan.cpp)
Right before sysCall (CNFEncoding.h)

SatPlan04 release 1.1 10 Feb 2006


bb: parsing domain fileRight after sysCall (CNFEncoding.h)
