
requirement-test-timed-initial-literals.d.pddl: syntax error in line 3, ':TIMED-INITIAL-LITERALS':
requirement %s not supported by this IPP version :TIMED-INITIAL-LITERALS
