

Starting SGPlan search ...

Solution found.
Answer file is /var/lib/myfrdcsa/codebases/internal/verber/data/worldmodel/test/requirement-test-timed-initial-literals.p.pddl.SGPlan.sol

