

Starting SGPlan search ...
Missing duration information

Solution found.
Answer file is /var/lib/myfrdcsa/codebases/internal/verber/data/worldmodel/test/requirement-test-durative-actions.p.pddl.SGPlan.sol

