
/var/lib/myfrdcsa/codebases/internal/verber/data/worldmodel/test/requirement-test-constraints.d.pddl: syntax error in line 3, ':CONSTRAINTS':
requirement %s not supported by this IPP version :CONSTRAINTS

Memory limit exceeded: bb system call, OR Time limit exceeded: bb system call, OR bb internal error
