
requirement-test-constraints.d.pddl: syntax error in line 3, ':CONSTRAINTS':
requirement %s not supported by this IPP version :CONSTRAINTS
