#
# Copyright (C) 2006, Board of Trustees of the University of Illinois.
#
# The program is copyrighted by the University of Illinois, and should
# not be distributed without prior approval.  Commercialization of this
# product requires prior licensing from the University of Illinois.
# Commercialization includes the integration of this code in part or
# whole into a product for resale.
#
#-=-=-=-=-=-=-=-=-=-=-=-=-=-=-=-=-=-=-=-=-=-=-=-=-=-=-=-=-=-=-=-=-=-=-
# Author: C. W. Hsu, B. W. Wah, R. Y. Huang, Y. X. Chen
#-=-=-=-=-=-=-=-=-=-=-=-=-=-=-=-=-=-=-=-=-=-=-=-=-=-=-=-=-=-=-=-=-=-=-


Parsing domain file
 domain 'REQUIREMENT-TEST-QUANTIFIED-PRECONDITIONS' defined
Parsing problem file
 problem 'REQUIREMENT-TEST-QUANTIFIED-PRECONDITIONS' defined



checking for cyclic := effects --- OK.



