
requirement-test-preferences.d.pddl: syntax error in line 3, ':PREFERENCES':
requirement %s not supported by this IPP version :PREFERENCES
